Validating schema of './in/v1_zika_meta.json'...
Validating schema of './in/v1_zika_tree.json'...
Validating that meta + tree JSONs are internally consistent...
Validation of './in/v1_zika_meta.json' and './in/v1_zika_tree.json' succeeded.
