{
  "BRA/2016/FC_6706": {
    "frequencies": [
      0.022426,
      0.011278,
      0.201444,
      0.108632
    ]
  },
  "COL/FLR_00024/2015": {
    "frequencies": [
      0.241806,
      0.207808,
      0.008414,
      0.011321
    ]
  },
  "Colombia/2016/ZC204Se": {
    "frequencies": [
      0.125203,
      0.230892,
      0.013788,
      0.01816
    ]
  },
  "DOM/2016/BB_0059": {
    "frequencies": [
      0.024534,
      0.012359,
      0.205516,
      0.095911
    ]
  },
  "EcEs062_16": {
    "frequencies": [
      0.018853,
      0.009733,
      0.185883,
      0.142741
    ]
  },
  "HND/2016/HU_ME59": {
    "frequencies": [
      0.009419,
      0.006235,
      0.088129,
      0.486248
    ]
  },
  "PAN/CDC_259359_V1_V3/2015": {
    "frequencies": [
      0.22331,
      0.213921,
      0.008723,
      0.01187
    ]
  },
  "PRVABC59": {
    "frequencies": [
      0.241806,
      0.207808,
      0.008414,
      0.011321
    ]
  },
  "VEN/UF_1/2016": {
    "frequencies": [
      0.030455,
      0.016433,
      0.201444,
      0.074554
    ]
  },
  "ZKC2/2016": {
    "frequencies": [
      0.062189,
      0.083532,
      0.078244,
      0.039241
    ]
  },
  "generated_by": {
    "program": "augur",
    "version": "7.0.2"
  },
  "pivots": [
    2015.75,
    2016.0,
    2016.25,
    2016.5
  ]
}