Validating schema of './in/tb_meta.json'...
Validating schema of './in/tb_tree.json'...
Validating that meta + tree JSONs are internally consistent...
Validation of './in/tb_meta.json' and './in/tb_tree.json' succeeded.
