{
  "alignment": "in/aligned.fasta",
  "generated_by": {
    "program": "augur",
    "version": "7.0.2"
  },
  "input_tree": "in/tree_raw.nwk",
  "nodes": {
    "BRA/2016/FC_6706": {
      "branch_length": 0.00119695
    },
    "COL/FLR_00008/2015": {
      "branch_length": 0.00046933
    },
    "Colombia/2016/ZC204Se": {
      "branch_length": 0.00047153
    },
    "DOM/2016/BB_0059": {
      "branch_length": 0.00234206
    },
    "EcEs062_16": {
      "branch_length": 0.00166789
    },
    "HND/2016/HU_ME59": {
      "branch_length": 0.00125778
    },
    "KX369547.1": {
      "branch_length": 0.00027863
    },
    "NODE_0000000": {
      "branch_length": 0.001
    },
    "NODE_0000001": {
      "branch_length": 0.00065152
    },
    "NODE_0000002": {
      "branch_length": 0.00019421
    },
    "NODE_0000003": {
      "branch_length": 2.44e-06
    },
    "NODE_0000004": {
      "branch_length": 9.286e-05
    },
    "NODE_0000005": {
      "branch_length": 0.00020915
    },
    "NODE_0000006": {
      "branch_length": 0.00094906
    },
    "NODE_0000007": {
      "branch_length": 0.00019163
    },
    "NODE_0000008": {
      "branch_length": 0.0005784
    },
    "PAN/CDC_259359_V1_V3/2015": {
      "branch_length": 0.00083925
    },
    "PRVABC59": {
      "branch_length": 0.00207008
    },
    "VEN/UF_1/2016": {
      "branch_length": 0.00067466
    },
    "ZKC2/2016": {
      "branch_length": 0.00260976
    }
  }
}