{
  "alignment": "in/aligned.fasta",
  "clock": {
    "intercept": -1.8289210053088005,
    "rate": 0.0009082614737012422,
    "rtt_Tmrca": 2013.650317959423
  },
  "generated_by": {
    "program": "augur",
    "version": "7.0.2"
  },
  "input_tree": "in/tree_raw.nwk",
  "nodes": {
    "BRA/2016/FC_6706": {
      "branch_length": 0.0018457485938881183,
      "clock_length": 0.0018457485938881183,
      "date": "2016-04-08",
      "mutation_length": 0.0011173262272641431,
      "num_date_confidence": [
        2016.26912568306,
        2016.26912568306
      ],
      "numdate": 2016.26912568306,
      "raw_date": "2016-04-08"
    },
    "COL/FLR_00008/2015": {
      "branch_length": 0.0004796174484504056,
      "clock_length": 0.0004796174484504056,
      "date": "2015-12-31",
      "mutation_length": 0.0004647903915980472,
      "num_date_confidence": [
        2015.9249777829466,
        2015.9986301369863
      ],
      "numdate": 2015.9986301369863,
      "raw_date": "2015-12-XX"
    },
    "Colombia/2016/ZC204Se": {
      "branch_length": 0.0011710872862372313,
      "clock_length": 0.0011710872862372313,
      "date": "2016-01-06",
      "mutation_length": 0.00046476655549565574,
      "num_date_confidence": [
        2016.0150273224044,
        2016.0150273224044
      ],
      "numdate": 2016.0150273224044,
      "raw_date": "2016-01-06"
    },
    "DOM/2016/BB_0059": {
      "branch_length": 0.0015525494069725128,
      "clock_length": 0.0015525494069725128,
      "date": "2016-04-04",
      "mutation_length": 0.002052191703368508,
      "num_date_confidence": [
        2016.2581967213114,
        2016.2581967213114
      ],
      "numdate": 2016.2581967213114,
      "raw_date": "2016-04-04"
    },
    "EcEs062_16": {
      "branch_length": 0.0016170707138475275,
      "clock_length": 0.0016170707138475275,
      "date": "2016-04-30",
      "mutation_length": 0.001674972193198518,
      "num_date_confidence": [
        2016.25,
        2016.3292349726776
      ],
      "numdate": 2016.3292349726776,
      "raw_date": "2016-04-XX"
    },
    "HND/2016/HU_ME59": {
      "branch_length": 0.0016980080128526942,
      "clock_length": 0.0016980080128526942,
      "date": "2016-05-13",
      "mutation_length": 0.0012096999543433895,
      "num_date_confidence": [
        2016.3647540983607,
        2016.3647540983607
      ],
      "numdate": 2016.3647540983607,
      "raw_date": "2016-05-13"
    },
    "NODE_0000001": {
      "branch_length": 0.000812038217489406,
      "clock_length": 0.000812038217489406,
      "date": "2014-09-22",
      "mutation_length": 0.000371681521094316,
      "num_date_confidence": [
        2004.506428212432,
        2015.921010846426
      ],
      "numdate": 2014.7256549113245
    },
    "NODE_0000002": {
      "branch_length": 0.00013054990088174397,
      "clock_length": 0.00013054990088174397,
      "date": "2014-07-20",
      "mutation_length": 0.00018581611388364942,
      "num_date_confidence": [
        1999.2976711445265,
        2016.2581967213114
      ],
      "numdate": 2014.5488327860057
    },
    "NODE_0000003": {
      "branch_length": 0.00015272293112993367,
      "clock_length": 0.00015272293112993367,
      "date": "2014-05-28",
      "mutation_length": 0.00018581573552004803,
      "num_date_confidence": [
        1997.8741041922892,
        2015.9463000649714
      ],
      "numdate": 2014.4050967533083
    },
    "NODE_0000004": {
      "branch_length": 8.187325531408465e-05,
      "clock_length": 8.187325531408465e-05,
      "date": "2014-06-30",
      "mutation_length": 9.290057110348969e-05,
      "num_date_confidence": [
        1998.8126445712037,
        2015.9809776643965
      ],
      "numdate": 2014.495239578568
    },
    "NODE_0000005": {
      "branch_length": 0.000368164661352725,
      "clock_length": 0.000368164661352725,
      "date": "2014-03-28",
      "mutation_length": 0.0006506159926373225,
      "num_date_confidence": [
        1997.0610141251839,
        2015.911007922131
      ],
      "numdate": 2014.2369481137898
    },
    "NODE_0000006": {
      "branch_length": 0.001,
      "clock_length": 0.001,
      "date": "2013-10-31",
      "mutation_length": 0.001,
      "num_date_confidence": [
        1993.47447313344,
        2015.875746065337
      ],
      "numdate": 2013.831597152626
    },
    "NODE_0000007": {
      "branch_length": 0.00023333940333059282,
      "clock_length": 0.00023333940333059282,
      "date": "2014-12-25",
      "mutation_length": 0.00018579586437680366,
      "num_date_confidence": [
        2006.3690718905357,
        2015.9562609776717
      ],
      "numdate": 2014.9825626521974
    },
    "NODE_0000008": {
      "branch_length": 0.00044323750266383674,
      "clock_length": 0.00044323750266383674,
      "date": "2015-06-21",
      "mutation_length": 0.0005576528896454794,
      "num_date_confidence": [
        2011.2350062695452,
        2015.990919379263
      ],
      "numdate": 2015.470569151975
    },
    "PAN/CDC_259359_V1_V3/2015": {
      "branch_length": 0.0008905059123249411,
      "clock_length": 0.0008905059123249411,
      "date": "2015-12-18",
      "mutation_length": 0.0008367470310890027,
      "num_date_confidence": [
        2015.9630136986302,
        2015.9630136986302
      ],
      "numdate": 2015.9630136986302,
      "raw_date": "2015-12-18"
    },
    "PRVABC59": {
      "branch_length": 0.0013654717241374978,
      "clock_length": 0.0013654717241374978,
      "date": "2015-12-31",
      "mutation_length": 0.0020476351480532345,
      "num_date_confidence": [
        2015.9264539275973,
        2015.9986301369863
      ],
      "numdate": 2015.9986301369863,
      "raw_date": "2015-12-XX"
    },
    "VEN/UF_1/2016": {
      "branch_length": 0.0006905558895935701,
      "clock_length": 0.0006905558895935701,
      "date": "2016-03-25",
      "mutation_length": 0.0006506439444537421,
      "num_date_confidence": [
        2016.23087431694,
        2016.23087431694
      ],
      "numdate": 2016.23087431694,
      "raw_date": "2016-03-25"
    },
    "ZKC2/2016": {
      "branch_length": 0.0015639830490083613,
      "clock_length": 0.0015639830490083613,
      "date": "2016-02-16",
      "mutation_length": 0.003261080277448066,
      "num_date_confidence": [
        2016.127049180328,
        2016.127049180328
      ],
      "numdate": 2016.127049180328,
      "raw_date": "2016-02-16"
    }
  }
}