{
  "meta": {
    "colorings": [
      {
        "key": "num_date",
        "title": "Sampling date",
        "type": "continuous"
      },
      {
        "key": "top_half_True_False",
        "title": "top_half_True_False",
        "type": "boolean"
      },
      {
        "key": "top_half_1_0",
        "title": "top_half_1_0",
        "type": "boolean"
      },
      {
        "key": "top_half_yes_no",
        "title": "top_half_yes_no",
        "type": "boolean"
      },
      {
        "key": "all_missing",
        "title": "all_missing",
        "type": "categorical"
      }
    ],
    "filters": [
      "top_half_True_False",
      "top_half_1_0",
      "all_missing",
      "top_half_yes_no"
    ],
    "panels": [
      "tree"
    ],
    "title": "Boolean metadata traits",
    "updated": "2020-04-15"
  },
  "tree": {
    "branch_attrs": {},
    "children": [
      {
        "branch_attrs": {},
        "children": [
          {
            "branch_attrs": {},
            "name": "Colombia/2016/ZC204Se",
            "node_attrs": {
              "all_missing": {
                "value": "not_missing"
              },
              "num_date": {
                "confidence": [
                  2016.0150273224044,
                  2016.0150273224044
                ],
                "value": 2016.0150273224044
              },
              "top_half_1_0": {
                "value": 0
              },
              "top_half_True_False": {
                "value": false
              },
              "top_half_yes_no": {
                "value": "No"
              }
            }
          },
          {
            "branch_attrs": {},
            "children": [
              {
                "branch_attrs": {},
                "name": "PAN/CDC_259359_V1_V3/2015",
                "node_attrs": {
                  "num_date": {
                    "confidence": [
                      2015.9630136986302,
                      2015.9630136986302
                    ],
                    "value": 2015.9630136986302
                  },
                  "top_half_1_0": {
                    "value": 0
                  },
                  "top_half_True_False": {
                    "value": false
                  },
                  "top_half_yes_no": {
                    "value": "No"
                  }
                }
              },
              {
                "branch_attrs": {},
                "children": [
                  {
                    "branch_attrs": {},
                    "name": "COL/FLR_00008/2015",
                    "node_attrs": {
                      "num_date": {
                        "confidence": [
                          2015.9249777829466,
                          2015.9986301369863
                        ],
                        "value": 2015.9986301369863
                      }
                    }
                  },
                  {
                    "branch_attrs": {},
                    "name": "VEN/UF_1/2016",
                    "node_attrs": {
                      "num_date": {
                        "confidence": [
                          2016.23087431694,
                          2016.23087431694
                        ],
                        "value": 2016.23087431694
                      },
                      "top_half_1_0": {
                        "value": 0
                      },
                      "top_half_True_False": {
                        "value": false
                      },
                      "top_half_yes_no": {
                        "value": "No"
                      }
                    }
                  }
                ],
                "name": "NODE_0000008",
                "node_attrs": {
                  "num_date": {
                    "confidence": [
                      2011.2350062695452,
                      2015.990919379263
                    ],
                    "value": 2015.470569151975
                  }
                }
              }
            ],
            "name": "NODE_0000007",
            "node_attrs": {
              "num_date": {
                "confidence": [
                  2006.3690718905357,
                  2015.9562609776717
                ],
                "value": 2014.9825626521974
              }
            }
          }
        ],
        "name": "NODE_0000001",
        "node_attrs": {
          "num_date": {
            "confidence": [
              2004.506428212432,
              2015.921010846426
            ],
            "value": 2014.7256549113245
          }
        }
      },
      {
        "branch_attrs": {},
        "children": [
          {
            "branch_attrs": {},
            "name": "BRA/2016/FC_6706",
            "node_attrs": {
              "num_date": {
                "confidence": [
                  2016.26912568306,
                  2016.26912568306
                ],
                "value": 2016.26912568306
              }
            }
          },
          {
            "branch_attrs": {},
            "children": [
              {
                "branch_attrs": {},
                "name": "ZKC2/2016",
                "node_attrs": {
                  "num_date": {
                    "confidence": [
                      2016.127049180328,
                      2016.127049180328
                    ],
                    "value": 2016.127049180328
                  },
                  "top_half_1_0": {
                    "value": 1
                  },
                  "top_half_True_False": {
                    "value": true
                  },
                  "top_half_yes_no": {
                    "value": "Yes"
                  }
                }
              },
              {
                "branch_attrs": {},
                "children": [
                  {
                    "branch_attrs": {},
                    "name": "HND/2016/HU_ME59",
                    "node_attrs": {
                      "num_date": {
                        "confidence": [
                          2016.3647540983607,
                          2016.3647540983607
                        ],
                        "value": 2016.3647540983607
                      },
                      "top_half_1_0": {
                        "value": 1
                      },
                      "top_half_True_False": {
                        "value": true
                      },
                      "top_half_yes_no": {
                        "value": "Yes"
                      }
                    }
                  },
                  {
                    "branch_attrs": {},
                    "name": "PRVABC59",
                    "node_attrs": {
                      "num_date": {
                        "confidence": [
                          2015.9264539275973,
                          2015.9986301369863
                        ],
                        "value": 2015.9986301369863
                      },
                      "top_half_1_0": {
                        "value": 1
                      },
                      "top_half_True_False": {
                        "value": true
                      },
                      "top_half_yes_no": {
                        "value": "Yes"
                      }
                    }
                  }
                ],
                "name": "NODE_0000004",
                "node_attrs": {
                  "num_date": {
                    "confidence": [
                      1998.8126445712037,
                      2015.9809776643965
                    ],
                    "value": 2014.495239578568
                  }
                }
              },
              {
                "branch_attrs": {},
                "children": [
                  {
                    "branch_attrs": {},
                    "name": "EcEs062_16",
                    "node_attrs": {
                      "num_date": {
                        "confidence": [
                          2016.25,
                          2016.3292349726776
                        ],
                        "value": 2016.3292349726776
                      },
                      "top_half_1_0": {
                        "value": 1
                      },
                      "top_half_True_False": {
                        "value": true
                      },
                      "top_half_yes_no": {
                        "value": "Yes"
                      }
                    }
                  },
                  {
                    "branch_attrs": {},
                    "name": "DOM/2016/BB_0059",
                    "node_attrs": {
                      "num_date": {
                        "confidence": [
                          2016.2581967213114,
                          2016.2581967213114
                        ],
                        "value": 2016.2581967213114
                      }
                    }
                  }
                ],
                "name": "NODE_0000002",
                "node_attrs": {
                  "num_date": {
                    "confidence": [
                      1999.2976711445265,
                      2016.2581967213114
                    ],
                    "value": 2014.5488327860057
                  }
                }
              }
            ],
            "name": "NODE_0000003",
            "node_attrs": {
              "num_date": {
                "confidence": [
                  1997.8741041922892,
                  2015.9463000649714
                ],
                "value": 2014.4050967533083
              }
            }
          }
        ],
        "name": "NODE_0000005",
        "node_attrs": {
          "num_date": {
            "confidence": [
              1997.0610141251839,
              2015.911007922131
            ],
            "value": 2014.2369481137898
          }
        }
      }
    ],
    "name": "NODE_0000006",
    "node_attrs": {
      "num_date": {
        "confidence": [
          1993.47447313344,
          2015.875746065337
        ],
        "value": 2013.831597152626
      }
    }
  },
  "version": "v2"
}