Validating schema of './in/tb-noauth_meta.json'...
Validating schema of './in/tb-noauth_tree.json'...
Validating that meta + tree JSONs are internally consistent...
Validation of './in/tb-noauth_meta.json' and './in/tb-noauth_tree.json' succeeded.
